// Jest Snapshot v1, https://jestjs.io/docs/snapshot-testing

exports[`App Component matches snapshot 1`] = `
<div
  data-testid="header"
>
  Header
</div>
`;
